// Jest Snapshot v1, https://goo.gl/fbAQLP

exports[`GameOver, renders correctly 1`] = `
<div
  className="GameOver"
>
  <div
    className="GameOverRow"
  >
    <div
      className="Scoreboard"
    >
      <div
        className="ScoreboardTitle"
      >
        Scoreboard
      </div>
      <hr
        className="ScoreboardHRLine"
      />
      <div
        className="ScoreboardTable"
      >
        <div
          className="ScoreboardNameColumn"
        >
          <div
            className="ScoreboardName"
          >
            
          </div>
          <div
            className="ScoreboardName"
          >
            
          </div>
        </div>
        <vr
          className="ScoreboardVRLine"
        />
        <div
          className="ScoreboardNameColumn"
        >
          <div
            className="ScoreboardName"
          >
            0
          </div>
          <div
            className="ScoreboardName"
          >
            0
          </div>
        </div>
      </div>
    </div>
    <div
      className="GameOverButtonsArea"
    >
      <button
        className="GameOverButton btn btn-primary"
        disabled={false}
        onClick={[Function]}
        type="button"
      >
        REMATCH
      </button>
      <button
        className="GameOverButton btn btn-primary"
        disabled={false}
        onClick={[Function]}
        type="button"
      >
        MAIN MENU
      </button>
      <button
        className="GameOverButton btn btn-primary"
        disabled={false}
        onClick={[Function]}
        type="button"
      >
        QUIT
      </button>
    </div>
  </div>
</div>
`;
